// Jest Snapshot v1, https://goo.gl/fbAQLP

exports[`index page should match snapshot 1`] = `null`;
