// Jest Snapshot v1, https://goo.gl/fbAQLP

exports[`Sidebar should match snapshot 1`] = `
<div
  className="ðŸ“¦bg_1eozcqw ðŸ“¦dspl_flex ðŸ“¦flx-drct_column ðŸ“¦h_100prcnt ðŸ“¦box-szg_border-box css-nil"
>
  <h2
    className="ðŸ“¦mt_28px ðŸ“¦mb_8px ðŸ“¦fnt-sze_20px ðŸ“¦f-wght_500 ðŸ“¦ln-ht_24px ðŸ“¦ltr-spc_-0-07px ðŸ“¦fnt-fam_wm9v6k ðŸ“¦color_234361 ðŸ“¦pl_12px ðŸ“¦pr_12px ðŸ“¦box-szg_border-box"
  >
    Bar
  </h2>
  <div>
    Foo
  </div>
</div>
`;
