// Jest Snapshot v1, https://goo.gl/fbAQLP

exports[`SidebarMenu should match snapshot 1`] = `
<div
  className="ðŸ“¦dspl_flex ðŸ“¦flx-drct_column ðŸ“¦algn-itms_stretch ðŸ“¦box-szg_border-box css-nil"
>
  <a
    className="css-bsyznc ðŸ“¦fnt-fam_b77syt ðŸ“¦mt_0px ðŸ“¦fnt-sze_12px ðŸ“¦f-wght_500 ðŸ“¦ln-ht_32px ðŸ“¦ltr-spc_0 ðŸ“¦btrr_3px ðŸ“¦bbrr_3px ðŸ“¦btlr_3px ðŸ“¦bblr_3px ðŸ“¦pt_0px ðŸ“¦pb_0px ðŸ“¦pr_16px ðŸ“¦pl_16px ðŸ“¦ml_0px ðŸ“¦mr_0px ðŸ“¦mb_0px ðŸ“¦h_32px ðŸ“¦pst_relative ðŸ“¦dspl_inline-flex ðŸ“¦algn-itms_center ðŸ“¦flx-wrap_nowrap ðŸ“¦box-szg_border-box"
    data-active={true}
    href="abc"
    onClick={[Function]}
  >
    Abc
  </a>
  <a
    className="css-bsyznc ðŸ“¦fnt-fam_b77syt ðŸ“¦mt_0px ðŸ“¦fnt-sze_12px ðŸ“¦f-wght_500 ðŸ“¦ln-ht_32px ðŸ“¦ltr-spc_0 ðŸ“¦btrr_3px ðŸ“¦bbrr_3px ðŸ“¦btlr_3px ðŸ“¦bblr_3px ðŸ“¦pt_0px ðŸ“¦pb_0px ðŸ“¦pr_16px ðŸ“¦pl_16px ðŸ“¦ml_0px ðŸ“¦mr_0px ðŸ“¦mb_0px ðŸ“¦h_32px ðŸ“¦pst_relative ðŸ“¦dspl_inline-flex ðŸ“¦algn-itms_center ðŸ“¦flx-wrap_nowrap ðŸ“¦box-szg_border-box"
    href="notactive"
    onClick={[Function]}
  >
    Not active
  </a>
</div>
`;
